mode: set
github.com/waluyo/wapbolt-backend/internal/license/license.go:19.88,21.21 2 1
github.com/waluyo/wapbolt-backend/internal/license/license.go:21.21,23.3 1 0
github.com/waluyo/wapbolt-backend/internal/license/license.go:25.2,29.16 4 1
github.com/waluyo/wapbolt-backend/internal/license/license.go:29.16,31.3 1 0
github.com/waluyo/wapbolt-backend/internal/license/license.go:33.2,34.16 2 1
github.com/waluyo/wapbolt-backend/internal/license/license.go:34.16,36.3 1 1
github.com/waluyo/wapbolt-backend/internal/license/license.go:38.2,39.64 2 1
github.com/waluyo/wapbolt-backend/internal/license/license.go:39.64,41.3 1 0
github.com/waluyo/wapbolt-backend/internal/license/license.go:42.2,44.56 2 1
github.com/waluyo/wapbolt-backend/internal/license/license.go:44.56,46.3 1 0
github.com/waluyo/wapbolt-backend/internal/license/license.go:48.2,49.62 2 1
github.com/waluyo/wapbolt-backend/internal/license/license.go:49.62,51.3 1 0
github.com/waluyo/wapbolt-backend/internal/license/license.go:53.2,54.16 2 1
github.com/waluyo/wapbolt-backend/internal/license/license.go:54.16,56.3 1 0
github.com/waluyo/wapbolt-backend/internal/license/license.go:59.2,60.51 2 1
github.com/waluyo/wapbolt-backend/internal/license/license.go:60.51,62.3 1 1
github.com/waluyo/wapbolt-backend/internal/license/license.go:64.2,64.22 1 1
github.com/waluyo/wapbolt-backend/internal/license/license.go:67.50,68.44 1 1
github.com/waluyo/wapbolt-backend/internal/license/license.go:68.44,69.27 1 1
github.com/waluyo/wapbolt-backend/internal/license/license.go:69.27,71.4 1 1
github.com/waluyo/wapbolt-backend/internal/license/license.go:73.2,73.29 1 0
github.com/waluyo/wapbolt-backend/internal/middleware/auth.go:12.38,16.67 4 1
github.com/waluyo/wapbolt-backend/internal/middleware/auth.go:16.67,21.3 1 1
github.com/waluyo/wapbolt-backend/internal/middleware/auth.go:23.2,25.83 2 1
github.com/waluyo/wapbolt-backend/internal/middleware/auth.go:25.83,26.58 1 1
github.com/waluyo/wapbolt-backend/internal/middleware/auth.go:26.58,28.4 1 0
github.com/waluyo/wapbolt-backend/internal/middleware/auth.go:29.3,29.46 1 1
github.com/waluyo/wapbolt-backend/internal/middleware/auth.go:32.2,32.32 1 1
github.com/waluyo/wapbolt-backend/internal/middleware/auth.go:32.32,37.3 1 0
github.com/waluyo/wapbolt-backend/internal/middleware/auth.go:39.2,40.9 2 1
github.com/waluyo/wapbolt-backend/internal/middleware/auth.go:40.9,45.3 1 0
github.com/waluyo/wapbolt-backend/internal/middleware/auth.go:47.2,51.17 4 1
github.com/waluyo/wapbolt-backend/internal/middleware/auth.go:54.44,56.26 2 0
github.com/waluyo/wapbolt-backend/internal/middleware/auth.go:56.26,61.3 1 0
github.com/waluyo/wapbolt-backend/internal/middleware/auth.go:62.2,62.17 1 0
github.com/waluyo/wapbolt-backend/internal/middleware/license.go:15.51,16.34 1 0
github.com/waluyo/wapbolt-backend/internal/middleware/license.go:16.34,19.45 1 0
github.com/waluyo/wapbolt-backend/internal/middleware/license.go:19.45,23.4 3 0
github.com/waluyo/wapbolt-backend/internal/middleware/license.go:27.3,27.22 1 0
github.com/waluyo/wapbolt-backend/internal/middleware/license.go:27.22,29.4 1 0
github.com/waluyo/wapbolt-backend/internal/middleware/license.go:33.3,35.16 2 0
github.com/waluyo/wapbolt-backend/internal/middleware/license.go:35.16,37.4 1 0
github.com/waluyo/wapbolt-backend/internal/middleware/license.go:39.3,40.23 2 0
github.com/waluyo/wapbolt-backend/internal/middleware/license.go:40.23,45.4 1 0
github.com/waluyo/wapbolt-backend/internal/middleware/license.go:48.3,49.17 2 0
github.com/waluyo/wapbolt-backend/internal/middleware/license.go:49.17,54.4 1 0
github.com/waluyo/wapbolt-backend/internal/middleware/license.go:57.3,60.28 3 0
github.com/waluyo/wapbolt-backend/internal/middleware/license.go:60.28,64.4 2 0
github.com/waluyo/wapbolt-backend/internal/middleware/license.go:64.9,64.48 1 0
github.com/waluyo/wapbolt-backend/internal/middleware/license.go:64.48,67.20 2 0
github.com/waluyo/wapbolt-backend/internal/middleware/license.go:67.20,69.5 1 0
github.com/waluyo/wapbolt-backend/internal/middleware/license.go:69.10,72.5 2 0
github.com/waluyo/wapbolt-backend/internal/middleware/license.go:75.3,75.18 1 0
github.com/waluyo/wapbolt-backend/internal/email/service.go:11.61,13.52 2 1
github.com/waluyo/wapbolt-backend/internal/email/service.go:13.52,16.3 2 1
github.com/waluyo/wapbolt-backend/internal/email/service.go:18.2,41.16 5 0
github.com/waluyo/wapbolt-backend/internal/email/service.go:41.16,44.3 2 0
github.com/waluyo/wapbolt-backend/internal/email/service.go:46.2,47.12 2 0
github.com/waluyo/wapbolt-backend/internal/api/admin.go:20.39,33.2 9 0
github.com/waluyo/wapbolt-backend/internal/api/admin.go:35.39,37.57 2 1
github.com/waluyo/wapbolt-backend/internal/api/admin.go:37.57,39.3 1 0
github.com/waluyo/wapbolt-backend/internal/api/admin.go:40.2,40.22 1 1
github.com/waluyo/wapbolt-backend/internal/api/admin.go:43.37,45.43 2 1
github.com/waluyo/wapbolt-backend/internal/api/admin.go:45.43,47.3 1 0
github.com/waluyo/wapbolt-backend/internal/api/admin.go:49.2,50.16 2 1
github.com/waluyo/wapbolt-backend/internal/api/admin.go:50.16,52.3 1 0
github.com/waluyo/wapbolt-backend/internal/api/admin.go:54.2,55.58 2 1
github.com/waluyo/wapbolt-backend/internal/api/admin.go:55.58,63.48 2 1
github.com/waluyo/wapbolt-backend/internal/api/admin.go:63.48,65.4 1 0
github.com/waluyo/wapbolt-backend/internal/api/admin.go:68.3,69.46 2 1
github.com/waluyo/wapbolt-backend/internal/api/admin.go:69.46,71.4 1 0
github.com/waluyo/wapbolt-backend/internal/api/admin.go:74.3,74.21 1 1
github.com/waluyo/wapbolt-backend/internal/api/admin.go:74.21,76.18 2 1
github.com/waluyo/wapbolt-backend/internal/api/admin.go:76.18,78.5 1 1
github.com/waluyo/wapbolt-backend/internal/api/admin.go:79.4,84.51 2 1
github.com/waluyo/wapbolt-backend/internal/api/admin.go:84.51,86.5 1 0
github.com/waluyo/wapbolt-backend/internal/api/admin.go:88.3,88.13 1 1
github.com/waluyo/wapbolt-backend/internal/api/admin.go:91.2,91.16 1 1
github.com/waluyo/wapbolt-backend/internal/api/admin.go:91.16,93.3 1 0
github.com/waluyo/wapbolt-backend/internal/api/admin.go:103.2,103.49 1 1
github.com/waluyo/wapbolt-backend/internal/api/admin.go:106.39,109.78 2 1
github.com/waluyo/wapbolt-backend/internal/api/admin.go:109.78,111.3 1 0
github.com/waluyo/wapbolt-backend/internal/api/admin.go:112.2,112.22 1 1
github.com/waluyo/wapbolt-backend/internal/api/admin.go:115.45,121.43 3 1
github.com/waluyo/wapbolt-backend/internal/api/admin.go:121.43,123.3 1 0
github.com/waluyo/wapbolt-backend/internal/api/admin.go:126.2,126.25 1 1
github.com/waluyo/wapbolt-backend/internal/api/admin.go:126.25,128.3 1 0
github.com/waluyo/wapbolt-backend/internal/api/admin.go:130.2,135.60 2 1
github.com/waluyo/wapbolt-backend/internal/api/admin.go:135.60,137.3 1 0
github.com/waluyo/wapbolt-backend/internal/api/admin.go:140.2,142.23 2 1
github.com/waluyo/wapbolt-backend/internal/api/admin.go:145.48,148.130 3 0
github.com/waluyo/wapbolt-backend/internal/api/admin.go:148.130,150.3 1 0
github.com/waluyo/wapbolt-backend/internal/api/admin.go:151.2,151.55 1 0
github.com/waluyo/wapbolt-backend/internal/api/admin.go:154.37,158.36 3 1
github.com/waluyo/wapbolt-backend/internal/api/admin.go:158.36,160.3 1 1
github.com/waluyo/wapbolt-backend/internal/api/admin.go:162.2,162.75 1 1
github.com/waluyo/wapbolt-backend/internal/api/admin.go:162.75,164.3 1 0
github.com/waluyo/wapbolt-backend/internal/api/admin.go:165.2,165.66 1 1
github.com/waluyo/wapbolt-backend/internal/api/auth.go:19.38,25.2 5 0
github.com/waluyo/wapbolt-backend/internal/api/auth.go:27.41,34.45 3 1
github.com/waluyo/wapbolt-backend/internal/api/auth.go:34.45,36.3 1 0
github.com/waluyo/wapbolt-backend/internal/api/auth.go:38.2,39.65 2 1
github.com/waluyo/wapbolt-backend/internal/api/auth.go:39.65,41.3 1 1
github.com/waluyo/wapbolt-backend/internal/api/auth.go:44.2,44.108 1 1
github.com/waluyo/wapbolt-backend/internal/api/auth.go:44.108,46.3 1 1
github.com/waluyo/wapbolt-backend/internal/api/auth.go:49.2,50.16 2 0
github.com/waluyo/wapbolt-backend/internal/api/auth.go:50.16,52.3 1 0
github.com/waluyo/wapbolt-backend/internal/api/auth.go:54.2,55.56 2 0
github.com/waluyo/wapbolt-backend/internal/api/auth.go:55.56,57.3 1 0
github.com/waluyo/wapbolt-backend/internal/api/auth.go:59.2,59.70 1 0
github.com/waluyo/wapbolt-backend/internal/api/auth.go:62.32,64.42 2 1
github.com/waluyo/wapbolt-backend/internal/api/auth.go:64.42,66.3 1 0
github.com/waluyo/wapbolt-backend/internal/api/auth.go:68.2,69.87 2 1
github.com/waluyo/wapbolt-backend/internal/api/auth.go:69.87,71.3 1 1
github.com/waluyo/wapbolt-backend/internal/api/auth.go:73.2,73.103 1 1
github.com/waluyo/wapbolt-backend/internal/api/auth.go:73.103,75.3 1 1
github.com/waluyo/wapbolt-backend/internal/api/auth.go:79.2,79.118 1 1
github.com/waluyo/wapbolt-backend/internal/api/auth.go:79.118,84.3 1 1
github.com/waluyo/wapbolt-backend/internal/api/auth.go:87.2,95.16 3 1
github.com/waluyo/wapbolt-backend/internal/api/auth.go:95.16,97.3 1 0
github.com/waluyo/wapbolt-backend/internal/api/auth.go:100.2,106.16 3 1
github.com/waluyo/wapbolt-backend/internal/api/auth.go:106.16,108.3 1 0
github.com/waluyo/wapbolt-backend/internal/api/auth.go:110.2,119.4 1 1
github.com/waluyo/wapbolt-backend/internal/api/auth.go:122.34,126.43 2 1
github.com/waluyo/wapbolt-backend/internal/api/auth.go:126.43,128.3 1 0
github.com/waluyo/wapbolt-backend/internal/api/auth.go:130.2,130.88 1 1
github.com/waluyo/wapbolt-backend/internal/api/auth.go:130.88,132.3 1 1
github.com/waluyo/wapbolt-backend/internal/api/auth.go:134.2,134.32 1 1
github.com/waluyo/wapbolt-backend/internal/api/auth.go:134.32,136.3 1 1
github.com/waluyo/wapbolt-backend/internal/api/auth.go:138.2,142.65 4 1
github.com/waluyo/wapbolt-backend/internal/api/auth.go:142.65,144.3 1 1
github.com/waluyo/wapbolt-backend/internal/api/auth.go:147.2,147.90 1 0
github.com/waluyo/wapbolt-backend/internal/api/auth.go:147.90,152.3 1 0
github.com/waluyo/wapbolt-backend/internal/api/auth.go:155.2,163.16 3 0
github.com/waluyo/wapbolt-backend/internal/api/auth.go:163.16,165.3 1 0
github.com/waluyo/wapbolt-backend/internal/api/auth.go:167.2,176.4 1 0
github.com/waluyo/wapbolt-backend/internal/api/auth.go:179.33,181.2 1 0
github.com/waluyo/wapbolt-backend/internal/api/collaboration.go:9.47,24.2 8 0
github.com/waluyo/wapbolt-backend/internal/api/collaboration.go:26.47,37.89 6 1
github.com/waluyo/wapbolt-backend/internal/api/collaboration.go:37.89,39.3 1 0
github.com/waluyo/wapbolt-backend/internal/api/collaboration.go:42.2,44.16 3 1
github.com/waluyo/wapbolt-backend/internal/api/collaboration.go:44.17,47.3 0 0
github.com/waluyo/wapbolt-backend/internal/api/collaboration.go:49.2,50.22 2 1
github.com/waluyo/wapbolt-backend/internal/api/collaboration.go:50.22,52.3 1 1
github.com/waluyo/wapbolt-backend/internal/api/collaboration.go:54.2,67.61 2 1
github.com/waluyo/wapbolt-backend/internal/api/collaboration.go:67.61,69.3 1 0
github.com/waluyo/wapbolt-backend/internal/api/collaboration.go:72.2,74.52 2 1
github.com/waluyo/wapbolt-backend/internal/api/collaboration.go:77.45,80.141 3 1
github.com/waluyo/wapbolt-backend/internal/api/collaboration.go:80.141,82.3 1 0
github.com/waluyo/wapbolt-backend/internal/api/collaboration.go:83.2,83.25 1 1
github.com/waluyo/wapbolt-backend/internal/api/collaboration.go:86.49,92.71 5 1
github.com/waluyo/wapbolt-backend/internal/api/collaboration.go:92.71,94.3 1 0
github.com/waluyo/wapbolt-backend/internal/api/collaboration.go:96.2,97.89 2 1
github.com/waluyo/wapbolt-backend/internal/api/collaboration.go:97.89,99.3 1 0
github.com/waluyo/wapbolt-backend/internal/api/collaboration.go:102.2,110.55 8 1
github.com/waluyo/wapbolt-backend/internal/api/collaboration.go:110.55,112.3 1 0
github.com/waluyo/wapbolt-backend/internal/api/collaboration.go:115.2,118.20 3 1
github.com/waluyo/wapbolt-backend/internal/api/collaboration.go:121.40,128.45 4 1
github.com/waluyo/wapbolt-backend/internal/api/collaboration.go:128.45,130.3 1 0
github.com/waluyo/wapbolt-backend/internal/api/collaboration.go:132.2,133.89 2 1
github.com/waluyo/wapbolt-backend/internal/api/collaboration.go:133.89,135.3 1 0
github.com/waluyo/wapbolt-backend/internal/api/collaboration.go:137.2,143.61 2 1
github.com/waluyo/wapbolt-backend/internal/api/collaboration.go:143.61,145.3 1 0
github.com/waluyo/wapbolt-backend/internal/api/collaboration.go:148.2,152.52 3 1
github.com/waluyo/wapbolt-backend/internal/api/collaboration.go:155.38,158.135 3 1
github.com/waluyo/wapbolt-backend/internal/api/collaboration.go:158.135,160.3 1 0
github.com/waluyo/wapbolt-backend/internal/api/collaboration.go:161.2,161.25 1 1
github.com/waluyo/wapbolt-backend/internal/api/collaboration.go:164.40,169.101 4 1
github.com/waluyo/wapbolt-backend/internal/api/collaboration.go:169.101,171.3 1 0
github.com/waluyo/wapbolt-backend/internal/api/collaboration.go:174.2,175.42 2 1
github.com/waluyo/wapbolt-backend/internal/api/collaboration.go:175.42,177.3 1 0
github.com/waluyo/wapbolt-backend/internal/api/collaboration.go:179.2,179.61 1 1
github.com/waluyo/wapbolt-backend/internal/api/collaboration.go:179.61,181.3 1 0
github.com/waluyo/wapbolt-backend/internal/api/collaboration.go:183.2,183.44 1 1
github.com/waluyo/wapbolt-backend/internal/api/collaboration.go:186.40,191.136 3 0
github.com/waluyo/wapbolt-backend/internal/api/collaboration.go:191.136,193.3 1 0
github.com/waluyo/wapbolt-backend/internal/api/collaboration.go:194.2,194.21 1 0
github.com/waluyo/wapbolt-backend/internal/api/collection.go:44.44,54.2 6 0
github.com/waluyo/wapbolt-backend/internal/api/collection.go:56.40,58.44 2 0
github.com/waluyo/wapbolt-backend/internal/api/collection.go:58.44,60.3 1 0
github.com/waluyo/wapbolt-backend/internal/api/collection.go:62.2,63.47 2 0
github.com/waluyo/wapbolt-backend/internal/api/collection.go:63.47,65.3 1 0
github.com/waluyo/wapbolt-backend/internal/api/collection.go:67.2,70.59 3 0
github.com/waluyo/wapbolt-backend/internal/api/collection.go:70.59,78.54 2 0
github.com/waluyo/wapbolt-backend/internal/api/collection.go:78.54,80.4 1 0
github.com/waluyo/wapbolt-backend/internal/api/collection.go:83.3,83.75 1 0
github.com/waluyo/wapbolt-backend/internal/api/collection.go:86.2,86.16 1 0
github.com/waluyo/wapbolt-backend/internal/api/collection.go:86.16,88.3 1 0
github.com/waluyo/wapbolt-backend/internal/api/collection.go:91.2,94.86 3 0
github.com/waluyo/wapbolt-backend/internal/api/collection.go:97.114,98.29 1 0
github.com/waluyo/wapbolt-backend/internal/api/collection.go:98.29,99.23 1 0
github.com/waluyo/wapbolt-backend/internal/api/collection.go:99.23,106.51 2 0
github.com/waluyo/wapbolt-backend/internal/api/collection.go:106.51,108.5 1 0
github.com/waluyo/wapbolt-backend/internal/api/collection.go:109.4,109.95 1 0
github.com/waluyo/wapbolt-backend/internal/api/collection.go:109.95,111.5 1 0
github.com/waluyo/wapbolt-backend/internal/api/collection.go:112.9,112.33 1 0
github.com/waluyo/wapbolt-backend/internal/api/collection.go:112.33,115.42 2 0
github.com/waluyo/wapbolt-backend/internal/api/collection.go:115.42,117.5 1 0
github.com/waluyo/wapbolt-backend/internal/api/collection.go:119.4,120.67 2 0
github.com/waluyo/wapbolt-backend/internal/api/collection.go:120.67,122.5 1 0
github.com/waluyo/wapbolt-backend/internal/api/collection.go:125.4,126.40 2 0
github.com/waluyo/wapbolt-backend/internal/api/collection.go:127.16,128.15 1 0
github.com/waluyo/wapbolt-backend/internal/api/collection.go:129.32,130.41 1 0
github.com/waluyo/wapbolt-backend/internal/api/collection.go:130.41,132.6 1 0
github.com/waluyo/wapbolt-backend/internal/api/collection.go:135.4,146.52 2 0
github.com/waluyo/wapbolt-backend/internal/api/collection.go:146.52,148.5 1 0
github.com/waluyo/wapbolt-backend/internal/api/collection.go:151.2,151.12 1 0
github.com/waluyo/wapbolt-backend/internal/api/collection.go:154.42,157.42 2 1
github.com/waluyo/wapbolt-backend/internal/api/collection.go:157.42,159.3 1 1
github.com/waluyo/wapbolt-backend/internal/api/collection.go:161.2,162.92 2 1
github.com/waluyo/wapbolt-backend/internal/api/collection.go:162.92,164.3 1 0
github.com/waluyo/wapbolt-backend/internal/api/collection.go:166.2,166.28 1 1
github.com/waluyo/wapbolt-backend/internal/api/collection.go:169.43,172.44 2 1
github.com/waluyo/wapbolt-backend/internal/api/collection.go:172.44,174.3 1 0
github.com/waluyo/wapbolt-backend/internal/api/collection.go:176.2,177.43 2 1
github.com/waluyo/wapbolt-backend/internal/api/collection.go:177.43,179.3 1 0
github.com/waluyo/wapbolt-backend/internal/api/collection.go:181.2,191.64 4 1
github.com/waluyo/wapbolt-backend/internal/api/collection.go:191.64,193.3 1 0
github.com/waluyo/wapbolt-backend/internal/api/collection.go:196.2,199.55 3 1
github.com/waluyo/wapbolt-backend/internal/api/collection.go:202.40,206.77 3 0
github.com/waluyo/wapbolt-backend/internal/api/collection.go:206.77,208.3 1 0
github.com/waluyo/wapbolt-backend/internal/api/collection.go:210.2,210.42 1 0
github.com/waluyo/wapbolt-backend/internal/api/collection.go:210.42,212.3 1 0
github.com/waluyo/wapbolt-backend/internal/api/collection.go:215.2,224.4 5 0
github.com/waluyo/wapbolt-backend/internal/api/collection.go:227.43,231.77 3 0
github.com/waluyo/wapbolt-backend/internal/api/collection.go:231.77,233.3 1 0
github.com/waluyo/wapbolt-backend/internal/api/collection.go:235.2,235.44 1 0
github.com/waluyo/wapbolt-backend/internal/api/collection.go:235.44,237.3 1 0
github.com/waluyo/wapbolt-backend/internal/api/collection.go:239.2,240.43 2 0
github.com/waluyo/wapbolt-backend/internal/api/collection.go:240.43,242.3 1 0
github.com/waluyo/wapbolt-backend/internal/api/collection.go:244.2,244.20 1 0
github.com/waluyo/wapbolt-backend/internal/api/collection.go:244.20,246.3 1 0
github.com/waluyo/wapbolt-backend/internal/api/collection.go:247.2,247.27 1 0
github.com/waluyo/wapbolt-backend/internal/api/collection.go:247.27,249.3 1 0
github.com/waluyo/wapbolt-backend/internal/api/collection.go:251.2,251.62 1 0
github.com/waluyo/wapbolt-backend/internal/api/collection.go:251.62,253.3 1 0
github.com/waluyo/wapbolt-backend/internal/api/collection.go:256.2,260.27 4 0
github.com/waluyo/wapbolt-backend/internal/api/collection.go:263.43,267.77 3 0
github.com/waluyo/wapbolt-backend/internal/api/collection.go:267.77,269.3 1 0
github.com/waluyo/wapbolt-backend/internal/api/collection.go:271.2,271.44 1 0
github.com/waluyo/wapbolt-backend/internal/api/collection.go:271.44,273.3 1 0
github.com/waluyo/wapbolt-backend/internal/api/collection.go:275.2,275.64 1 0
github.com/waluyo/wapbolt-backend/internal/api/collection.go:275.64,277.3 1 0
github.com/waluyo/wapbolt-backend/internal/api/collection.go:280.2,284.72 4 0
github.com/waluyo/wapbolt-backend/internal/api/documentation.go:15.47,20.2 4 0
github.com/waluyo/wapbolt-backend/internal/api/documentation.go:30.71,32.70 2 1
github.com/waluyo/wapbolt-backend/internal/api/documentation.go:32.70,34.3 1 0
github.com/waluyo/wapbolt-backend/internal/api/documentation.go:35.2,39.84 5 1
github.com/waluyo/wapbolt-backend/internal/api/documentation.go:73.44,76.16 3 1
github.com/waluyo/wapbolt-backend/internal/api/documentation.go:76.16,78.3 1 0
github.com/waluyo/wapbolt-backend/internal/api/documentation.go:79.2,79.47 1 1
github.com/waluyo/wapbolt-backend/internal/api/documentation.go:79.47,81.3 1 0
github.com/waluyo/wapbolt-backend/internal/api/documentation.go:83.2,84.20 2 1
github.com/waluyo/wapbolt-backend/internal/api/documentation.go:87.57,90.33 2 1
github.com/waluyo/wapbolt-backend/internal/api/documentation.go:90.33,94.3 3 1
github.com/waluyo/wapbolt-backend/internal/api/documentation.go:97.2,98.34 2 1
github.com/waluyo/wapbolt-backend/internal/api/documentation.go:98.34,100.24 2 1
github.com/waluyo/wapbolt-backend/internal/api/documentation.go:100.24,102.4 1 1
github.com/waluyo/wapbolt-backend/internal/api/documentation.go:102.9,103.44 1 0
github.com/waluyo/wapbolt-backend/internal/api/documentation.go:103.44,105.5 1 0
github.com/waluyo/wapbolt-backend/internal/api/documentation.go:110.2,111.33 2 1
github.com/waluyo/wapbolt-backend/internal/api/documentation.go:111.33,112.36 1 1
github.com/waluyo/wapbolt-backend/internal/api/documentation.go:112.36,114.4 1 1
github.com/waluyo/wapbolt-backend/internal/api/documentation.go:117.2,123.3 1 1
github.com/waluyo/wapbolt-backend/internal/api/documentation.go:126.52,128.30 2 1
github.com/waluyo/wapbolt-backend/internal/api/documentation.go:128.30,130.3 1 0
github.com/waluyo/wapbolt-backend/internal/api/documentation.go:131.2,132.27 2 1
github.com/waluyo/wapbolt-backend/internal/api/documentation.go:132.27,134.3 1 0
github.com/waluyo/wapbolt-backend/internal/api/documentation.go:135.2,144.3 1 1
github.com/waluyo/wapbolt-backend/internal/api/documentation.go:149.41,152.16 3 0
github.com/waluyo/wapbolt-backend/internal/api/documentation.go:152.16,154.3 1 0
github.com/waluyo/wapbolt-backend/internal/api/documentation.go:155.2,155.47 1 0
github.com/waluyo/wapbolt-backend/internal/api/documentation.go:155.47,157.3 1 0
github.com/waluyo/wapbolt-backend/internal/api/documentation.go:159.2,164.25 5 0
github.com/waluyo/wapbolt-backend/internal/api/documentation.go:167.52,172.27 4 0
github.com/waluyo/wapbolt-backend/internal/api/documentation.go:172.27,174.3 1 0
github.com/waluyo/wapbolt-backend/internal/api/documentation.go:175.2,179.33 3 0
github.com/waluyo/wapbolt-backend/internal/api/documentation.go:179.33,181.3 1 0
github.com/waluyo/wapbolt-backend/internal/api/documentation.go:184.2,192.31 4 0
github.com/waluyo/wapbolt-backend/internal/api/documentation.go:192.31,195.40 3 0
github.com/waluyo/wapbolt-backend/internal/api/documentation.go:195.40,197.18 2 0
github.com/waluyo/wapbolt-backend/internal/api/documentation.go:197.18,200.5 2 0
github.com/waluyo/wapbolt-backend/internal/api/documentation.go:201.4,202.42 2 0
github.com/waluyo/wapbolt-backend/internal/api/documentation.go:204.3,206.18 3 0
github.com/waluyo/wapbolt-backend/internal/api/documentation.go:209.2,209.34 1 0
github.com/waluyo/wapbolt-backend/internal/api/documentation.go:209.34,211.26 2 0
github.com/waluyo/wapbolt-backend/internal/api/documentation.go:211.26,213.4 1 0
github.com/waluyo/wapbolt-backend/internal/api/documentation.go:213.9,215.4 1 0
github.com/waluyo/wapbolt-backend/internal/api/documentation.go:217.3,217.36 1 0
github.com/waluyo/wapbolt-backend/internal/api/documentation.go:217.36,219.27 2 0
github.com/waluyo/wapbolt-backend/internal/api/documentation.go:219.27,221.5 1 0
github.com/waluyo/wapbolt-backend/internal/api/documentation.go:222.4,225.26 3 0
github.com/waluyo/wapbolt-backend/internal/api/documentation.go:225.26,229.28 4 0
github.com/waluyo/wapbolt-backend/internal/api/documentation.go:229.28,231.6 1 0
github.com/waluyo/wapbolt-backend/internal/api/documentation.go:232.5,232.25 1 0
github.com/waluyo/wapbolt-backend/internal/api/documentation.go:235.4,235.23 1 0
github.com/waluyo/wapbolt-backend/internal/api/documentation.go:235.23,239.5 3 0
github.com/waluyo/wapbolt-backend/internal/api/documentation.go:241.4,241.29 1 0
github.com/waluyo/wapbolt-backend/internal/api/documentation.go:245.2,245.20 1 0
github.com/waluyo/wapbolt-backend/internal/api/documentation.go:250.40,253.16 3 0
github.com/waluyo/wapbolt-backend/internal/api/documentation.go:253.16,255.3 1 0
github.com/waluyo/wapbolt-backend/internal/api/documentation.go:256.2,256.47 1 0
github.com/waluyo/wapbolt-backend/internal/api/documentation.go:256.47,258.3 1 0
github.com/waluyo/wapbolt-backend/internal/api/documentation.go:260.2,265.21 5 0
github.com/waluyo/wapbolt-backend/internal/api/documentation.go:286.56,299.33 3 0
github.com/waluyo/wapbolt-backend/internal/api/documentation.go:299.33,302.3 2 0
github.com/waluyo/wapbolt-backend/internal/api/documentation.go:304.2,304.34 1 0
github.com/waluyo/wapbolt-backend/internal/api/documentation.go:304.34,314.26 4 0
github.com/waluyo/wapbolt-backend/internal/api/documentation.go:314.26,316.4 1 0
github.com/waluyo/wapbolt-backend/internal/api/documentation.go:319.3,319.24 1 0
github.com/waluyo/wapbolt-backend/internal/api/documentation.go:319.24,320.52 1 0
github.com/waluyo/wapbolt-backend/internal/api/documentation.go:320.52,322.5 1 0
github.com/waluyo/wapbolt-backend/internal/api/documentation.go:326.3,327.31 2 0
github.com/waluyo/wapbolt-backend/internal/api/documentation.go:327.31,336.4 2 0
github.com/waluyo/wapbolt-backend/internal/api/documentation.go:337.3,337.22 1 0
github.com/waluyo/wapbolt-backend/internal/api/documentation.go:337.22,339.4 1 0
github.com/waluyo/wapbolt-backend/internal/api/documentation.go:342.3,342.84 1 0
github.com/waluyo/wapbolt-backend/internal/api/documentation.go:342.84,354.4 1 0
github.com/waluyo/wapbolt-backend/internal/api/documentation.go:357.3,364.33 2 0
github.com/waluyo/wapbolt-backend/internal/api/documentation.go:364.33,366.4 1 0
github.com/waluyo/wapbolt-backend/internal/api/documentation.go:367.3,368.31 2 0
github.com/waluyo/wapbolt-backend/internal/api/documentation.go:371.2,371.13 1 0
github.com/waluyo/wapbolt-backend/internal/api/documentation.go:376.43,379.52 2 0
github.com/waluyo/wapbolt-backend/internal/api/documentation.go:379.52,381.3 1 0
github.com/waluyo/wapbolt-backend/internal/api/documentation.go:383.2,383.50 1 0
github.com/waluyo/wapbolt-backend/internal/api/documentation.go:383.50,385.3 1 0
github.com/waluyo/wapbolt-backend/internal/api/documentation.go:385.8,387.3 1 0
github.com/waluyo/wapbolt-backend/internal/api/documentation.go:389.2,389.50 1 0
github.com/waluyo/wapbolt-backend/internal/api/documentation.go:389.50,391.3 1 0
github.com/waluyo/wapbolt-backend/internal/api/documentation.go:393.2,395.18 3 0
github.com/waluyo/wapbolt-backend/internal/api/documentation.go:395.18,397.3 1 0
github.com/waluyo/wapbolt-backend/internal/api/documentation.go:398.2,398.15 1 0
github.com/waluyo/wapbolt-backend/internal/api/documentation.go:401.43,403.39 2 0
github.com/waluyo/wapbolt-backend/internal/api/documentation.go:403.39,404.99 1 0
github.com/waluyo/wapbolt-backend/internal/api/documentation.go:404.99,406.4 1 0
github.com/waluyo/wapbolt-backend/internal/api/documentation.go:407.3,407.13 1 0
github.com/waluyo/wapbolt-backend/internal/api/documentation.go:409.2,409.13 1 0
github.com/waluyo/wapbolt-backend/internal/api/documentation.go:412.52,414.19 2 0
github.com/waluyo/wapbolt-backend/internal/api/documentation.go:414.19,416.3 1 0
github.com/waluyo/wapbolt-backend/internal/api/documentation.go:417.2,418.13 2 0
github.com/waluyo/wapbolt-backend/internal/api/environment.go:14.45,20.2 5 0
github.com/waluyo/wapbolt-backend/internal/api/environment.go:22.43,24.42 2 1
github.com/waluyo/wapbolt-backend/internal/api/environment.go:24.42,26.3 1 0
github.com/waluyo/wapbolt-backend/internal/api/environment.go:27.2,29.21 3 1
github.com/waluyo/wapbolt-backend/internal/api/environment.go:32.44,34.44 2 1
github.com/waluyo/wapbolt-backend/internal/api/environment.go:34.44,36.3 1 0
github.com/waluyo/wapbolt-backend/internal/api/environment.go:37.2,38.43 2 1
github.com/waluyo/wapbolt-backend/internal/api/environment.go:38.43,40.3 1 0
github.com/waluyo/wapbolt-backend/internal/api/environment.go:41.2,46.57 2 1
github.com/waluyo/wapbolt-backend/internal/api/environment.go:46.57,48.3 1 0
github.com/waluyo/wapbolt-backend/internal/api/environment.go:51.2,55.48 4 1
github.com/waluyo/wapbolt-backend/internal/api/environment.go:58.41,61.63 3 0
github.com/waluyo/wapbolt-backend/internal/api/environment.go:61.63,63.3 1 0
github.com/waluyo/wapbolt-backend/internal/api/environment.go:64.2,64.35 1 0
github.com/waluyo/wapbolt-backend/internal/api/environment.go:64.35,66.3 1 0
github.com/waluyo/wapbolt-backend/internal/api/environment.go:67.2,67.20 1 0
github.com/waluyo/wapbolt-backend/internal/api/environment.go:70.44,73.63 3 0
github.com/waluyo/wapbolt-backend/internal/api/environment.go:73.63,75.3 1 0
github.com/waluyo/wapbolt-backend/internal/api/environment.go:76.2,76.37 1 0
github.com/waluyo/wapbolt-backend/internal/api/environment.go:76.37,78.3 1 0
github.com/waluyo/wapbolt-backend/internal/api/environment.go:79.2,80.43 2 0
github.com/waluyo/wapbolt-backend/internal/api/environment.go:80.43,82.3 1 0
github.com/waluyo/wapbolt-backend/internal/api/environment.go:83.2,83.20 1 0
github.com/waluyo/wapbolt-backend/internal/api/environment.go:83.20,85.3 1 0
github.com/waluyo/wapbolt-backend/internal/api/environment.go:86.2,86.26 1 0
github.com/waluyo/wapbolt-backend/internal/api/environment.go:86.26,88.3 1 0
github.com/waluyo/wapbolt-backend/internal/api/environment.go:89.2,89.55 1 0
github.com/waluyo/wapbolt-backend/internal/api/environment.go:89.55,91.3 1 0
github.com/waluyo/wapbolt-backend/internal/api/environment.go:94.2,98.20 4 0
github.com/waluyo/wapbolt-backend/internal/api/environment.go:101.44,104.63 3 0
github.com/waluyo/wapbolt-backend/internal/api/environment.go:104.63,106.3 1 0
github.com/waluyo/wapbolt-backend/internal/api/environment.go:107.2,107.37 1 0
github.com/waluyo/wapbolt-backend/internal/api/environment.go:107.37,109.3 1 0
github.com/waluyo/wapbolt-backend/internal/api/environment.go:110.2,110.57 1 0
github.com/waluyo/wapbolt-backend/internal/api/environment.go:110.57,112.3 1 0
github.com/waluyo/wapbolt-backend/internal/api/environment.go:115.2,119.73 4 0
github.com/waluyo/wapbolt-backend/internal/api/example.go:20.41,24.2 3 0
github.com/waluyo/wapbolt-backend/internal/api/example.go:26.40,29.43 3 1
github.com/waluyo/wapbolt-backend/internal/api/example.go:29.43,31.3 1 0
github.com/waluyo/wapbolt-backend/internal/api/example.go:33.2,34.71 2 1
github.com/waluyo/wapbolt-backend/internal/api/example.go:34.71,36.3 1 0
github.com/waluyo/wapbolt-backend/internal/api/example.go:38.2,40.44 3 1
github.com/waluyo/wapbolt-backend/internal/api/example.go:40.44,42.3 1 0
github.com/waluyo/wapbolt-backend/internal/api/example.go:44.2,56.61 2 1
github.com/waluyo/wapbolt-backend/internal/api/example.go:56.61,58.3 1 0
github.com/waluyo/wapbolt-backend/internal/api/example.go:61.2,63.52 2 1
github.com/waluyo/wapbolt-backend/internal/api/example.go:66.40,69.43 3 1
github.com/waluyo/wapbolt-backend/internal/api/example.go:69.43,71.3 1 0
github.com/waluyo/wapbolt-backend/internal/api/example.go:73.2,74.71 2 1
github.com/waluyo/wapbolt-backend/internal/api/example.go:74.71,76.3 1 0
github.com/waluyo/wapbolt-backend/internal/api/example.go:78.2,83.44 5 1
github.com/waluyo/wapbolt-backend/internal/api/example.go:83.44,85.3 1 0
github.com/waluyo/wapbolt-backend/internal/api/example.go:87.2,87.20 1 1
github.com/waluyo/wapbolt-backend/internal/api/example.go:87.20,89.3 1 1
github.com/waluyo/wapbolt-backend/internal/api/example.go:90.2,90.29 1 1
github.com/waluyo/wapbolt-backend/internal/api/example.go:90.29,92.3 1 0
github.com/waluyo/wapbolt-backend/internal/api/example.go:93.2,93.26 1 1
github.com/waluyo/wapbolt-backend/internal/api/example.go:93.26,95.3 1 0
github.com/waluyo/wapbolt-backend/internal/api/example.go:96.2,96.31 1 1
github.com/waluyo/wapbolt-backend/internal/api/example.go:96.31,98.3 1 0
github.com/waluyo/wapbolt-backend/internal/api/example.go:99.2,99.27 1 1
github.com/waluyo/wapbolt-backend/internal/api/example.go:99.27,101.3 1 0
github.com/waluyo/wapbolt-backend/internal/api/example.go:102.2,102.29 1 1
github.com/waluyo/wapbolt-backend/internal/api/example.go:102.29,104.3 1 0
github.com/waluyo/wapbolt-backend/internal/api/example.go:105.2,105.32 1 1
github.com/waluyo/wapbolt-backend/internal/api/example.go:105.32,107.3 1 0
github.com/waluyo/wapbolt-backend/internal/api/example.go:108.2,108.28 1 1
github.com/waluyo/wapbolt-backend/internal/api/example.go:108.28,110.3 1 0
github.com/waluyo/wapbolt-backend/internal/api/example.go:112.2,112.59 1 1
github.com/waluyo/wapbolt-backend/internal/api/example.go:112.59,114.3 1 0
github.com/waluyo/wapbolt-backend/internal/api/example.go:116.2,118.24 2 1
github.com/waluyo/wapbolt-backend/internal/api/example.go:121.40,124.71 3 1
github.com/waluyo/wapbolt-backend/internal/api/example.go:124.71,126.3 1 0
github.com/waluyo/wapbolt-backend/internal/api/example.go:128.2,133.44 5 1
github.com/waluyo/wapbolt-backend/internal/api/example.go:133.44,135.3 1 0
github.com/waluyo/wapbolt-backend/internal/api/example.go:137.2,137.61 1 1
github.com/waluyo/wapbolt-backend/internal/api/example.go:137.61,139.3 1 0
github.com/waluyo/wapbolt-backend/internal/api/example.go:141.2,143.69 2 1
github.com/waluyo/wapbolt-backend/internal/api/folder.go:15.40,21.2 5 0
github.com/waluyo/wapbolt-backend/internal/api/folder.go:29.37,32.69 3 0
github.com/waluyo/wapbolt-backend/internal/api/folder.go:32.69,34.3 1 0
github.com/waluyo/wapbolt-backend/internal/api/folder.go:36.2,38.44 3 0
github.com/waluyo/wapbolt-backend/internal/api/folder.go:38.44,40.3 1 0
github.com/waluyo/wapbolt-backend/internal/api/folder.go:42.2,43.47 2 0
github.com/waluyo/wapbolt-backend/internal/api/folder.go:43.47,45.3 1 0
github.com/waluyo/wapbolt-backend/internal/api/folder.go:48.2,48.75 1 0
github.com/waluyo/wapbolt-backend/internal/api/folder.go:48.75,50.3 1 0
github.com/waluyo/wapbolt-backend/internal/api/folder.go:53.2,53.49 1 0
github.com/waluyo/wapbolt-backend/internal/api/folder.go:53.49,55.92 2 0
github.com/waluyo/wapbolt-backend/internal/api/folder.go:55.92,57.4 1 0
github.com/waluyo/wapbolt-backend/internal/api/folder.go:58.3,58.51 1 0
github.com/waluyo/wapbolt-backend/internal/api/folder.go:58.51,60.4 1 0
github.com/waluyo/wapbolt-backend/internal/api/folder.go:63.2,67.58 4 0
github.com/waluyo/wapbolt-backend/internal/api/folder.go:67.58,69.3 1 0
github.com/waluyo/wapbolt-backend/internal/api/folder.go:72.2,73.43 2 0
github.com/waluyo/wapbolt-backend/internal/api/folder.go:73.43,75.3 1 0
github.com/waluyo/wapbolt-backend/internal/api/folder.go:77.2,77.23 1 0
github.com/waluyo/wapbolt-backend/internal/api/folder.go:80.106,82.77 2 1
github.com/waluyo/wapbolt-backend/internal/api/folder.go:82.77,84.3 1 0
github.com/waluyo/wapbolt-backend/internal/api/folder.go:85.2,85.25 1 1
github.com/waluyo/wapbolt-backend/internal/api/folder.go:88.38,91.16 3 1
github.com/waluyo/wapbolt-backend/internal/api/folder.go:91.16,93.3 1 0
github.com/waluyo/wapbolt-backend/internal/api/folder.go:94.2,94.42 1 1
github.com/waluyo/wapbolt-backend/internal/api/folder.go:94.42,96.3 1 0
github.com/waluyo/wapbolt-backend/internal/api/folder.go:97.2,99.24 3 1
github.com/waluyo/wapbolt-backend/internal/api/folder.go:102.39,105.16 3 1
github.com/waluyo/wapbolt-backend/internal/api/folder.go:105.16,107.3 1 0
github.com/waluyo/wapbolt-backend/internal/api/folder.go:108.2,108.44 1 1
github.com/waluyo/wapbolt-backend/internal/api/folder.go:108.44,110.3 1 0
github.com/waluyo/wapbolt-backend/internal/api/folder.go:111.2,112.43 2 1
github.com/waluyo/wapbolt-backend/internal/api/folder.go:112.43,114.3 1 0
github.com/waluyo/wapbolt-backend/internal/api/folder.go:115.2,121.60 2 1
github.com/waluyo/wapbolt-backend/internal/api/folder.go:121.60,123.3 1 0
github.com/waluyo/wapbolt-backend/internal/api/folder.go:126.2,130.51 4 1
github.com/waluyo/wapbolt-backend/internal/api/folder.go:133.39,136.69 3 1
github.com/waluyo/wapbolt-backend/internal/api/folder.go:136.69,138.3 1 0
github.com/waluyo/wapbolt-backend/internal/api/folder.go:139.2,141.44 3 1
github.com/waluyo/wapbolt-backend/internal/api/folder.go:141.44,143.3 1 0
github.com/waluyo/wapbolt-backend/internal/api/folder.go:144.2,145.43 2 1
github.com/waluyo/wapbolt-backend/internal/api/folder.go:145.43,147.3 1 0
github.com/waluyo/wapbolt-backend/internal/api/folder.go:148.2,148.20 1 1
github.com/waluyo/wapbolt-backend/internal/api/folder.go:148.20,150.3 1 1
github.com/waluyo/wapbolt-backend/internal/api/folder.go:151.2,151.58 1 1
github.com/waluyo/wapbolt-backend/internal/api/folder.go:151.58,153.3 1 0
github.com/waluyo/wapbolt-backend/internal/api/folder.go:156.2,160.23 4 1
github.com/waluyo/wapbolt-backend/internal/api/folder.go:163.39,166.69 3 1
github.com/waluyo/wapbolt-backend/internal/api/folder.go:166.69,168.3 1 0
github.com/waluyo/wapbolt-backend/internal/api/folder.go:169.2,171.44 3 1
github.com/waluyo/wapbolt-backend/internal/api/folder.go:171.44,173.3 1 0
github.com/waluyo/wapbolt-backend/internal/api/folder.go:174.2,174.60 1 1
github.com/waluyo/wapbolt-backend/internal/api/folder.go:174.60,176.3 1 0
github.com/waluyo/wapbolt-backend/internal/api/folder.go:179.2,183.68 4 1
github.com/waluyo/wapbolt-backend/internal/api/history.go:25.41,33.2 6 0
github.com/waluyo/wapbolt-backend/internal/api/history.go:35.41,37.18 2 1
github.com/waluyo/wapbolt-backend/internal/api/history.go:37.18,39.3 1 0
github.com/waluyo/wapbolt-backend/internal/api/history.go:41.2,41.42 1 1
github.com/waluyo/wapbolt-backend/internal/api/history.go:41.42,43.3 1 0
github.com/waluyo/wapbolt-backend/internal/api/history.go:45.2,47.26 3 1
github.com/waluyo/wapbolt-backend/internal/api/history.go:50.40,53.43 3 0
github.com/waluyo/wapbolt-backend/internal/api/history.go:53.43,55.3 1 0
github.com/waluyo/wapbolt-backend/internal/api/history.go:57.2,57.35 1 0
github.com/waluyo/wapbolt-backend/internal/api/history.go:57.35,59.3 1 0
github.com/waluyo/wapbolt-backend/internal/api/history.go:61.2,75.61 2 0
github.com/waluyo/wapbolt-backend/internal/api/history.go:75.61,77.3 1 0
github.com/waluyo/wapbolt-backend/internal/api/history.go:79.2,79.52 1 0
github.com/waluyo/wapbolt-backend/internal/api/history.go:82.40,86.131 3 1
github.com/waluyo/wapbolt-backend/internal/api/history.go:86.131,88.3 1 0
github.com/waluyo/wapbolt-backend/internal/api/history.go:90.2,90.56 1 1
github.com/waluyo/wapbolt-backend/internal/api/history.go:93.43,96.18 3 1
github.com/waluyo/wapbolt-backend/internal/api/history.go:96.18,98.3 1 0
github.com/waluyo/wapbolt-backend/internal/api/history.go:100.2,100.43 1 1
github.com/waluyo/wapbolt-backend/internal/api/history.go:100.43,103.3 2 0
github.com/waluyo/wapbolt-backend/internal/api/history.go:105.2,105.110 1 1
github.com/waluyo/wapbolt-backend/internal/api/history.go:105.110,108.3 2 0
github.com/waluyo/wapbolt-backend/internal/api/history.go:110.2,110.61 1 1
github.com/waluyo/wapbolt-backend/internal/api/mock_server.go:21.44,53.2 22 0
github.com/waluyo/wapbolt-backend/internal/api/mock_server.go:56.45,58.67 2 0
github.com/waluyo/wapbolt-backend/internal/api/mock_server.go:58.67,60.3 1 0
github.com/waluyo/wapbolt-backend/internal/api/mock_server.go:61.2,63.79 2 0
github.com/waluyo/wapbolt-backend/internal/api/mock_server.go:63.79,64.54 1 0
github.com/waluyo/wapbolt-backend/internal/api/mock_server.go:64.54,66.4 1 0
github.com/waluyo/wapbolt-backend/internal/api/mock_server.go:67.3,67.46 1 0
github.com/waluyo/wapbolt-backend/internal/api/mock_server.go:69.2,69.32 1 0
github.com/waluyo/wapbolt-backend/internal/api/mock_server.go:69.32,71.3 1 0
github.com/waluyo/wapbolt-backend/internal/api/mock_server.go:73.2,74.9 2 0
github.com/waluyo/wapbolt-backend/internal/api/mock_server.go:74.9,76.3 1 0
github.com/waluyo/wapbolt-backend/internal/api/mock_server.go:77.2,79.17 3 0
github.com/waluyo/wapbolt-backend/internal/api/mock_server.go:84.44,87.70 3 1
github.com/waluyo/wapbolt-backend/internal/api/mock_server.go:87.70,89.3 1 0
github.com/waluyo/wapbolt-backend/internal/api/mock_server.go:90.2,90.35 1 1
github.com/waluyo/wapbolt-backend/internal/api/mock_server.go:90.35,92.3 1 0
github.com/waluyo/wapbolt-backend/internal/api/mock_server.go:94.2,96.26 3 1
github.com/waluyo/wapbolt-backend/internal/api/mock_server.go:109.45,112.70 3 1
github.com/waluyo/wapbolt-backend/internal/api/mock_server.go:112.70,114.3 1 0
github.com/waluyo/wapbolt-backend/internal/api/mock_server.go:115.2,115.35 1 1
github.com/waluyo/wapbolt-backend/internal/api/mock_server.go:115.35,117.3 1 0
github.com/waluyo/wapbolt-backend/internal/api/mock_server.go:119.2,120.45 2 1
github.com/waluyo/wapbolt-backend/internal/api/mock_server.go:120.45,122.3 1 0
github.com/waluyo/wapbolt-backend/internal/api/mock_server.go:124.2,124.44 1 1
github.com/waluyo/wapbolt-backend/internal/api/mock_server.go:124.44,126.3 1 0
github.com/waluyo/wapbolt-backend/internal/api/mock_server.go:127.2,127.27 1 1
github.com/waluyo/wapbolt-backend/internal/api/mock_server.go:127.27,129.3 1 1
github.com/waluyo/wapbolt-backend/internal/api/mock_server.go:131.2,143.62 3 1
github.com/waluyo/wapbolt-backend/internal/api/mock_server.go:143.62,146.3 2 0
github.com/waluyo/wapbolt-backend/internal/api/mock_server.go:148.2,148.53 1 1
github.com/waluyo/wapbolt-backend/internal/api/mock_server.go:151.45,156.73 4 1
github.com/waluyo/wapbolt-backend/internal/api/mock_server.go:156.73,158.3 1 0
github.com/waluyo/wapbolt-backend/internal/api/mock_server.go:160.2,161.70 2 1
github.com/waluyo/wapbolt-backend/internal/api/mock_server.go:161.70,163.3 1 0
github.com/waluyo/wapbolt-backend/internal/api/mock_server.go:164.2,164.35 1 1
github.com/waluyo/wapbolt-backend/internal/api/mock_server.go:164.35,166.3 1 0
github.com/waluyo/wapbolt-backend/internal/api/mock_server.go:168.2,169.45 2 1
github.com/waluyo/wapbolt-backend/internal/api/mock_server.go:169.45,171.3 1 0
github.com/waluyo/wapbolt-backend/internal/api/mock_server.go:173.2,173.24 1 1
github.com/waluyo/wapbolt-backend/internal/api/mock_server.go:173.24,175.3 1 0
github.com/waluyo/wapbolt-backend/internal/api/mock_server.go:176.2,176.22 1 1
github.com/waluyo/wapbolt-backend/internal/api/mock_server.go:176.22,178.3 1 1
github.com/waluyo/wapbolt-backend/internal/api/mock_server.go:179.2,179.26 1 1
github.com/waluyo/wapbolt-backend/internal/api/mock_server.go:179.26,181.3 1 0
github.com/waluyo/wapbolt-backend/internal/api/mock_server.go:182.2,183.34 2 1
github.com/waluyo/wapbolt-backend/internal/api/mock_server.go:183.34,185.3 1 0
github.com/waluyo/wapbolt-backend/internal/api/mock_server.go:186.2,186.27 1 1
github.com/waluyo/wapbolt-backend/internal/api/mock_server.go:186.27,188.3 1 0
github.com/waluyo/wapbolt-backend/internal/api/mock_server.go:189.2,192.60 3 1
github.com/waluyo/wapbolt-backend/internal/api/mock_server.go:192.60,194.3 1 0
github.com/waluyo/wapbolt-backend/internal/api/mock_server.go:196.2,196.25 1 1
github.com/waluyo/wapbolt-backend/internal/api/mock_server.go:199.45,204.70 4 1
github.com/waluyo/wapbolt-backend/internal/api/mock_server.go:204.70,206.3 1 0
github.com/waluyo/wapbolt-backend/internal/api/mock_server.go:207.2,207.35 1 1
github.com/waluyo/wapbolt-backend/internal/api/mock_server.go:207.35,209.3 1 0
github.com/waluyo/wapbolt-backend/internal/api/mock_server.go:211.2,211.91 1 1
github.com/waluyo/wapbolt-backend/internal/api/mock_server.go:211.91,213.3 1 0
github.com/waluyo/wapbolt-backend/internal/api/mock_server.go:214.2,214.44 1 1
github.com/waluyo/wapbolt-backend/internal/api/mock_server.go:218.48,223.70 4 0
github.com/waluyo/wapbolt-backend/internal/api/mock_server.go:223.70,225.3 1 0
github.com/waluyo/wapbolt-backend/internal/api/mock_server.go:226.2,226.35 1 0
github.com/waluyo/wapbolt-backend/internal/api/mock_server.go:226.35,228.3 1 0
github.com/waluyo/wapbolt-backend/internal/api/mock_server.go:230.2,231.67 2 0
github.com/waluyo/wapbolt-backend/internal/api/mock_server.go:231.67,233.3 1 0
github.com/waluyo/wapbolt-backend/internal/api/mock_server.go:235.2,255.62 5 0
github.com/waluyo/wapbolt-backend/internal/api/mock_server.go:255.62,257.3 1 0
github.com/waluyo/wapbolt-backend/internal/api/mock_server.go:259.2,259.53 1 0
github.com/waluyo/wapbolt-backend/internal/api/mock_server.go:262.41,268.45 3 0
github.com/waluyo/wapbolt-backend/internal/api/mock_server.go:268.45,270.3 1 0
github.com/waluyo/wapbolt-backend/internal/api/mock_server.go:272.2,273.73 2 0
github.com/waluyo/wapbolt-backend/internal/api/mock_server.go:273.73,275.3 1 0
github.com/waluyo/wapbolt-backend/internal/api/mock_server.go:277.2,277.32 1 0
github.com/waluyo/wapbolt-backend/internal/api/mock_server.go:277.32,279.3 1 0
github.com/waluyo/wapbolt-backend/internal/api/mock_server.go:280.2,283.60 3 0
github.com/waluyo/wapbolt-backend/internal/api/mock_server.go:283.60,285.3 1 0
github.com/waluyo/wapbolt-backend/internal/api/mock_server.go:287.2,287.53 1 0
github.com/waluyo/wapbolt-backend/internal/api/mock_server.go:292.44,297.2 4 0
github.com/waluyo/wapbolt-backend/internal/api/mock_server.go:312.45,315.45 3 1
github.com/waluyo/wapbolt-backend/internal/api/mock_server.go:315.45,317.3 1 0
github.com/waluyo/wapbolt-backend/internal/api/mock_server.go:319.2,337.24 4 1
github.com/waluyo/wapbolt-backend/internal/api/mock_server.go:337.24,341.3 1 0
github.com/waluyo/wapbolt-backend/internal/api/mock_server.go:343.2,343.51 1 1
github.com/waluyo/wapbolt-backend/internal/api/mock_server.go:343.51,346.3 2 0
github.com/waluyo/wapbolt-backend/internal/api/mock_server.go:348.2,349.53 2 1
github.com/waluyo/wapbolt-backend/internal/api/mock_server.go:352.45,354.51 2 0
github.com/waluyo/wapbolt-backend/internal/api/mock_server.go:354.51,356.3 1 0
github.com/waluyo/wapbolt-backend/internal/api/mock_server.go:358.2,359.45 2 0
github.com/waluyo/wapbolt-backend/internal/api/mock_server.go:359.45,361.3 1 0
github.com/waluyo/wapbolt-backend/internal/api/mock_server.go:363.2,364.83 2 0
github.com/waluyo/wapbolt-backend/internal/api/mock_server.go:364.83,366.3 1 0
github.com/waluyo/wapbolt-backend/internal/api/mock_server.go:368.2,382.24 13 0
github.com/waluyo/wapbolt-backend/internal/api/mock_server.go:382.24,385.50 1 0
github.com/waluyo/wapbolt-backend/internal/api/mock_server.go:385.50,388.4 2 0
github.com/waluyo/wapbolt-backend/internal/api/mock_server.go:391.2,391.49 1 0
github.com/waluyo/wapbolt-backend/internal/api/mock_server.go:391.49,394.3 2 0
github.com/waluyo/wapbolt-backend/internal/api/mock_server.go:396.2,397.25 2 0
github.com/waluyo/wapbolt-backend/internal/api/mock_server.go:400.45,402.51 2 0
github.com/waluyo/wapbolt-backend/internal/api/mock_server.go:402.51,404.3 1 0
github.com/waluyo/wapbolt-backend/internal/api/mock_server.go:405.2,405.101 1 0
github.com/waluyo/wapbolt-backend/internal/api/mock_server.go:405.101,407.3 1 0
github.com/waluyo/wapbolt-backend/internal/api/mock_server.go:408.2,408.44 1 0
github.com/waluyo/wapbolt-backend/internal/api/mock_server.go:411.43,418.45 2 0
github.com/waluyo/wapbolt-backend/internal/api/mock_server.go:418.45,420.3 1 0
github.com/waluyo/wapbolt-backend/internal/api/mock_server.go:422.2,423.36 2 0
github.com/waluyo/wapbolt-backend/internal/api/mock_server.go:423.36,424.126 1 0
github.com/waluyo/wapbolt-backend/internal/api/mock_server.go:424.126,427.4 2 0
github.com/waluyo/wapbolt-backend/internal/api/mock_server.go:429.2,430.50 2 0
github.com/waluyo/wapbolt-backend/internal/api/mock_server.go:435.77,440.26 4 1
github.com/waluyo/wapbolt-backend/internal/api/mock_server.go:440.26,442.3 1 1
github.com/waluyo/wapbolt-backend/internal/api/mock_server.go:444.2,444.34 1 0
github.com/waluyo/wapbolt-backend/internal/api/mock_server.go:444.34,451.38 6 0
github.com/waluyo/wapbolt-backend/internal/api/mock_server.go:451.38,453.4 1 0
github.com/waluyo/wapbolt-backend/internal/api/mock_server.go:456.2,456.13 1 0
github.com/waluyo/wapbolt-backend/internal/api/mock_server.go:459.72,460.16 1 0
github.com/waluyo/wapbolt-backend/internal/api/mock_server.go:461.15,462.22 1 0
github.com/waluyo/wapbolt-backend/internal/api/mock_server.go:463.16,464.20 1 0
github.com/waluyo/wapbolt-backend/internal/api/mock_server.go:465.14,466.23 1 0
github.com/waluyo/wapbolt-backend/internal/api/mock_server.go:467.14,469.57 2 0
github.com/waluyo/wapbolt-backend/internal/api/mock_server.go:469.57,471.4 1 0
github.com/waluyo/wapbolt-backend/internal/api/mock_server.go:473.2,473.12 1 0
github.com/waluyo/wapbolt-backend/internal/api/mock_server.go:476.75,479.29 3 0
github.com/waluyo/wapbolt-backend/internal/api/mock_server.go:479.29,480.57 1 0
github.com/waluyo/wapbolt-backend/internal/api/mock_server.go:480.57,482.4 1 0
github.com/waluyo/wapbolt-backend/internal/api/mock_server.go:482.9,484.4 1 0
github.com/waluyo/wapbolt-backend/internal/api/mock_server.go:486.2,486.16 1 0
github.com/waluyo/wapbolt-backend/internal/api/mock_server.go:489.79,493.12 3 1
github.com/waluyo/wapbolt-backend/internal/api/mock_server.go:494.16,495.25 1 1
github.com/waluyo/wapbolt-backend/internal/api/mock_server.go:496.20,497.25 1 0
github.com/waluyo/wapbolt-backend/internal/api/mock_server.go:498.18,499.41 1 1
github.com/waluyo/wapbolt-backend/internal/api/mock_server.go:500.22,501.42 1 0
github.com/waluyo/wapbolt-backend/internal/api/mock_server.go:502.16,503.56 1 1
github.com/waluyo/wapbolt-backend/internal/api/mock_server.go:504.20,505.56 1 0
github.com/waluyo/wapbolt-backend/internal/api/mock_server.go:506.15,508.15 2 1
github.com/waluyo/wapbolt-backend/internal/api/mock_server.go:510.2,510.14 1 0
github.com/waluyo/wapbolt-backend/internal/api/mock_server.go:513.59,515.65 2 1
github.com/waluyo/wapbolt-backend/internal/api/mock_server.go:515.65,517.19 2 0
github.com/waluyo/wapbolt-backend/internal/api/mock_server.go:517.19,519.4 1 0
github.com/waluyo/wapbolt-backend/internal/api/mock_server.go:520.3,521.17 2 0
github.com/waluyo/wapbolt-backend/internal/api/mock_server.go:521.17,523.4 1 0
github.com/waluyo/wapbolt-backend/internal/api/mock_server.go:524.3,524.32 1 0
github.com/waluyo/wapbolt-backend/internal/api/mock_server.go:530.44,533.19 3 1
github.com/waluyo/wapbolt-backend/internal/api/mock_server.go:533.19,535.3 1 1
github.com/waluyo/wapbolt-backend/internal/api/mock_server.go:536.2,536.38 1 1
github.com/waluyo/wapbolt-backend/internal/api/mock_server.go:536.38,538.3 1 0
github.com/waluyo/wapbolt-backend/internal/api/mock_server.go:539.2,549.27 5 1
github.com/waluyo/wapbolt-backend/internal/api/mock_server.go:549.27,551.34 2 1
github.com/waluyo/wapbolt-backend/internal/api/mock_server.go:551.34,553.9 2 1
github.com/waluyo/wapbolt-backend/internal/api/mock_server.go:557.2,557.20 1 1
github.com/waluyo/wapbolt-backend/internal/api/mock_server.go:557.20,563.3 1 0
github.com/waluyo/wapbolt-backend/internal/api/mock_server.go:565.2,566.38 2 1
github.com/waluyo/wapbolt-backend/internal/api/mock_server.go:573.47,578.25 3 1
github.com/waluyo/wapbolt-backend/internal/api/mock_server.go:578.25,580.3 1 1
github.com/waluyo/wapbolt-backend/internal/api/mock_server.go:583.2,586.45 3 1
github.com/waluyo/wapbolt-backend/internal/api/mock_server.go:586.45,588.3 1 1
github.com/waluyo/wapbolt-backend/internal/api/mock_server.go:590.2,590.36 1 1
github.com/waluyo/wapbolt-backend/internal/api/mock_server.go:590.36,591.67 1 1
github.com/waluyo/wapbolt-backend/internal/api/mock_server.go:591.67,592.12 1 1
github.com/waluyo/wapbolt-backend/internal/api/mock_server.go:594.3,594.31 1 1
github.com/waluyo/wapbolt-backend/internal/api/mock_server.go:594.31,596.4 1 1
github.com/waluyo/wapbolt-backend/internal/api/mock_server.go:599.2,599.13 1 1
github.com/waluyo/wapbolt-backend/internal/api/mock_server.go:602.40,604.16 2 1
github.com/waluyo/wapbolt-backend/internal/api/mock_server.go:604.16,606.3 1 0
github.com/waluyo/wapbolt-backend/internal/api/mock_server.go:607.2,607.35 1 1
github.com/waluyo/wapbolt-backend/internal/api/mock_server.go:607.35,609.3 1 0
github.com/waluyo/wapbolt-backend/internal/api/mock_server.go:610.2,610.13 1 1
github.com/waluyo/wapbolt-backend/internal/api/mock_server.go:615.50,617.48 2 0
github.com/waluyo/wapbolt-backend/internal/api/mock_server.go:617.48,619.3 1 0
github.com/waluyo/wapbolt-backend/internal/api/mock_server.go:621.2,623.26 3 0
github.com/waluyo/wapbolt-backend/internal/api/mock_server.go:626.51,628.31 2 0
github.com/waluyo/wapbolt-backend/internal/api/mock_server.go:628.31,630.3 1 0
github.com/waluyo/wapbolt-backend/internal/api/mock_server.go:632.2,633.45 2 0
github.com/waluyo/wapbolt-backend/internal/api/mock_server.go:633.45,635.3 1 0
github.com/waluyo/wapbolt-backend/internal/api/mock_server.go:637.2,637.44 1 0
github.com/waluyo/wapbolt-backend/internal/api/mock_server.go:637.44,639.3 1 0
github.com/waluyo/wapbolt-backend/internal/api/mock_server.go:641.2,653.62 2 0
github.com/waluyo/wapbolt-backend/internal/api/mock_server.go:653.62,655.3 1 0
github.com/waluyo/wapbolt-backend/internal/api/mock_server.go:657.2,657.53 1 0
github.com/waluyo/wapbolt-backend/internal/api/mock_server.go:660.54,664.38 4 0
github.com/waluyo/wapbolt-backend/internal/api/mock_server.go:664.38,666.3 1 0
github.com/waluyo/wapbolt-backend/internal/api/mock_server.go:667.2,676.27 5 0
github.com/waluyo/wapbolt-backend/internal/api/mock_server.go:676.27,678.34 2 0
github.com/waluyo/wapbolt-backend/internal/api/mock_server.go:678.34,680.9 2 0
github.com/waluyo/wapbolt-backend/internal/api/mock_server.go:684.2,684.20 1 0
github.com/waluyo/wapbolt-backend/internal/api/mock_server.go:684.20,689.3 1 0
github.com/waluyo/wapbolt-backend/internal/api/mock_server.go:691.2,691.38 1 0
github.com/waluyo/wapbolt-backend/internal/api/mock_server.go:695.78,703.75 6 1
github.com/waluyo/wapbolt-backend/internal/api/mock_server.go:703.75,705.89 2 0
github.com/waluyo/wapbolt-backend/internal/api/mock_server.go:705.89,706.68 1 0
github.com/waluyo/wapbolt-backend/internal/api/mock_server.go:706.68,710.62 4 0
github.com/waluyo/wapbolt-backend/internal/api/mock_server.go:710.62,712.6 1 0
github.com/waluyo/wapbolt-backend/internal/api/mock_server.go:713.10,715.5 1 0
github.com/waluyo/wapbolt-backend/internal/api/mock_server.go:716.4,719.16 4 0
github.com/waluyo/wapbolt-backend/internal/api/mock_server.go:723.2,723.12 1 1
github.com/waluyo/wapbolt-backend/internal/api/mock_server.go:723.12,727.28 4 1
github.com/waluyo/wapbolt-backend/internal/api/mock_server.go:727.28,728.42 1 1
github.com/waluyo/wapbolt-backend/internal/api/mock_server.go:728.42,730.10 2 0
github.com/waluyo/wapbolt-backend/internal/api/mock_server.go:733.3,733.22 1 1
github.com/waluyo/wapbolt-backend/internal/api/mock_server.go:733.22,734.29 1 1
github.com/waluyo/wapbolt-backend/internal/api/mock_server.go:734.29,735.31 1 1
github.com/waluyo/wapbolt-backend/internal/api/mock_server.go:735.31,737.11 2 1
github.com/waluyo/wapbolt-backend/internal/api/mock_server.go:741.3,741.22 1 1
github.com/waluyo/wapbolt-backend/internal/api/mock_server.go:741.22,742.68 1 1
github.com/waluyo/wapbolt-backend/internal/api/mock_server.go:742.68,746.62 4 0
github.com/waluyo/wapbolt-backend/internal/api/mock_server.go:746.62,748.6 1 0
github.com/waluyo/wapbolt-backend/internal/api/mock_server.go:749.10,751.5 1 1
github.com/waluyo/wapbolt-backend/internal/api/mock_server.go:752.4,755.16 4 1
github.com/waluyo/wapbolt-backend/internal/api/mock_server.go:759.2,759.12 1 1
github.com/waluyo/wapbolt-backend/internal/api/mock_server.go:759.12,764.3 4 0
github.com/waluyo/wapbolt-backend/internal/api/mock_server.go:766.2,766.23 1 1
github.com/waluyo/wapbolt-backend/internal/api/mock_server.go:766.23,768.3 1 1
github.com/waluyo/wapbolt-backend/internal/api/mock_server.go:770.2,770.25 1 1
github.com/waluyo/wapbolt-backend/internal/api/mock_server.go:770.25,772.3 1 0
github.com/waluyo/wapbolt-backend/internal/api/mock_server.go:774.2,774.36 1 1
github.com/waluyo/wapbolt-backend/internal/api/mock_server.go:774.36,775.31 1 0
github.com/waluyo/wapbolt-backend/internal/api/mock_server.go:775.31,777.4 1 0
github.com/waluyo/wapbolt-backend/internal/api/mock_server.go:780.2,782.23 2 1
github.com/waluyo/wapbolt-backend/internal/api/mock_server.go:782.23,784.3 1 0
github.com/waluyo/wapbolt-backend/internal/api/mock_server.go:785.2,785.33 1 1
github.com/waluyo/wapbolt-backend/internal/api/mock_server.go:785.33,787.3 1 1
github.com/waluyo/wapbolt-backend/internal/api/mock_server.go:788.2,788.54 1 1
github.com/waluyo/wapbolt-backend/internal/api/mock_server.go:793.54,796.70 3 0
github.com/waluyo/wapbolt-backend/internal/api/mock_server.go:796.70,798.3 1 0
github.com/waluyo/wapbolt-backend/internal/api/mock_server.go:800.2,804.31 4 0
github.com/waluyo/wapbolt-backend/internal/api/mock_server.go:804.31,810.17 4 0
github.com/waluyo/wapbolt-backend/internal/api/mock_server.go:810.17,820.4 2 0
github.com/waluyo/wapbolt-backend/internal/api/mock_server.go:823.3,823.35 1 0
github.com/waluyo/wapbolt-backend/internal/api/mock_server.go:823.35,826.18 3 0
github.com/waluyo/wapbolt-backend/internal/api/mock_server.go:826.18,836.5 3 0
github.com/waluyo/wapbolt-backend/internal/api/mock_server.go:840.2,840.104 1 0
github.com/waluyo/wapbolt-backend/internal/api/request.go:26.41,41.2 9 0
github.com/waluyo/wapbolt-backend/internal/api/request.go:49.38,54.71 4 1
github.com/waluyo/wapbolt-backend/internal/api/request.go:54.71,56.3 1 0
github.com/waluyo/wapbolt-backend/internal/api/request.go:58.2,60.44 3 1
github.com/waluyo/wapbolt-backend/internal/api/request.go:60.44,62.3 1 0
github.com/waluyo/wapbolt-backend/internal/api/request.go:64.2,65.47 2 1
github.com/waluyo/wapbolt-backend/internal/api/request.go:65.47,67.3 1 0
github.com/waluyo/wapbolt-backend/internal/api/request.go:70.2,70.50 1 1
github.com/waluyo/wapbolt-backend/internal/api/request.go:70.50,72.92 2 0
github.com/waluyo/wapbolt-backend/internal/api/request.go:72.92,74.4 1 0
github.com/waluyo/wapbolt-backend/internal/api/request.go:75.3,75.51 1 0
github.com/waluyo/wapbolt-backend/internal/api/request.go:75.51,77.4 1 0
github.com/waluyo/wapbolt-backend/internal/api/request.go:80.2,84.59 4 1
github.com/waluyo/wapbolt-backend/internal/api/request.go:84.59,86.3 1 0
github.com/waluyo/wapbolt-backend/internal/api/request.go:88.2,88.24 1 1
github.com/waluyo/wapbolt-backend/internal/api/request.go:91.47,94.69 3 0
github.com/waluyo/wapbolt-backend/internal/api/request.go:94.69,96.3 1 0
github.com/waluyo/wapbolt-backend/internal/api/request.go:97.2,99.42 3 0
github.com/waluyo/wapbolt-backend/internal/api/request.go:99.42,101.3 1 0
github.com/waluyo/wapbolt-backend/internal/api/request.go:102.2,104.25 3 0
github.com/waluyo/wapbolt-backend/internal/api/request.go:107.48,110.69 3 0
github.com/waluyo/wapbolt-backend/internal/api/request.go:110.69,112.3 1 0
github.com/waluyo/wapbolt-backend/internal/api/request.go:113.2,115.44 3 0
github.com/waluyo/wapbolt-backend/internal/api/request.go:115.44,117.3 1 0
github.com/waluyo/wapbolt-backend/internal/api/request.go:119.2,120.44 2 0
github.com/waluyo/wapbolt-backend/internal/api/request.go:120.44,122.3 1 0
github.com/waluyo/wapbolt-backend/internal/api/request.go:124.2,141.40 4 0
github.com/waluyo/wapbolt-backend/internal/api/request.go:141.40,143.3 1 0
github.com/waluyo/wapbolt-backend/internal/api/request.go:144.2,144.34 1 0
github.com/waluyo/wapbolt-backend/internal/api/request.go:144.34,145.45 1 0
github.com/waluyo/wapbolt-backend/internal/api/request.go:145.45,147.4 1 0
github.com/waluyo/wapbolt-backend/internal/api/request.go:147.9,149.4 1 0
github.com/waluyo/wapbolt-backend/internal/api/request.go:151.2,151.41 1 0
github.com/waluyo/wapbolt-backend/internal/api/request.go:151.41,153.3 1 0
github.com/waluyo/wapbolt-backend/internal/api/request.go:155.2,155.61 1 0
github.com/waluyo/wapbolt-backend/internal/api/request.go:155.61,157.3 1 0
github.com/waluyo/wapbolt-backend/internal/api/request.go:159.2,162.52 3 0
github.com/waluyo/wapbolt-backend/internal/api/request.go:165.51,168.77 3 1
github.com/waluyo/wapbolt-backend/internal/api/request.go:168.77,170.3 1 0
github.com/waluyo/wapbolt-backend/internal/api/request.go:171.2,171.42 1 1
github.com/waluyo/wapbolt-backend/internal/api/request.go:171.42,173.3 1 0
github.com/waluyo/wapbolt-backend/internal/api/request.go:174.2,177.25 3 1
github.com/waluyo/wapbolt-backend/internal/api/request.go:180.52,183.77 3 1
github.com/waluyo/wapbolt-backend/internal/api/request.go:183.77,185.3 1 0
github.com/waluyo/wapbolt-backend/internal/api/request.go:186.2,186.44 1 1
github.com/waluyo/wapbolt-backend/internal/api/request.go:186.44,188.3 1 0
github.com/waluyo/wapbolt-backend/internal/api/request.go:190.2,191.44 2 1
github.com/waluyo/wapbolt-backend/internal/api/request.go:191.44,193.3 1 0
github.com/waluyo/wapbolt-backend/internal/api/request.go:195.2,209.51 3 1
github.com/waluyo/wapbolt-backend/internal/api/request.go:209.51,212.3 2 0
github.com/waluyo/wapbolt-backend/internal/api/request.go:214.2,214.40 1 1
github.com/waluyo/wapbolt-backend/internal/api/request.go:214.40,216.3 1 0
github.com/waluyo/wapbolt-backend/internal/api/request.go:217.2,217.34 1 1
github.com/waluyo/wapbolt-backend/internal/api/request.go:217.34,218.45 1 0
github.com/waluyo/wapbolt-backend/internal/api/request.go:218.45,220.4 1 0
github.com/waluyo/wapbolt-backend/internal/api/request.go:220.9,222.4 1 0
github.com/waluyo/wapbolt-backend/internal/api/request.go:224.2,224.41 1 1
github.com/waluyo/wapbolt-backend/internal/api/request.go:224.41,226.3 1 0
github.com/waluyo/wapbolt-backend/internal/api/request.go:228.2,228.61 1 1
github.com/waluyo/wapbolt-backend/internal/api/request.go:228.61,230.3 1 0
github.com/waluyo/wapbolt-backend/internal/api/request.go:232.2,235.52 3 1
github.com/waluyo/wapbolt-backend/internal/api/request.go:238.37,243.101 3 1
github.com/waluyo/wapbolt-backend/internal/api/request.go:243.101,245.3 1 0
github.com/waluyo/wapbolt-backend/internal/api/request.go:246.2,248.42 3 1
github.com/waluyo/wapbolt-backend/internal/api/request.go:248.42,250.3 1 0
github.com/waluyo/wapbolt-backend/internal/api/request.go:251.2,251.24 1 1
github.com/waluyo/wapbolt-backend/internal/api/request.go:254.40,257.81 3 0
github.com/waluyo/wapbolt-backend/internal/api/request.go:257.81,259.3 1 0
github.com/waluyo/wapbolt-backend/internal/api/request.go:260.2,262.44 3 0
github.com/waluyo/wapbolt-backend/internal/api/request.go:262.44,264.3 1 0
github.com/waluyo/wapbolt-backend/internal/api/request.go:267.2,268.50 2 0
github.com/waluyo/wapbolt-backend/internal/api/request.go:268.50,270.3 1 0
github.com/waluyo/wapbolt-backend/internal/api/request.go:273.2,273.63 1 0
github.com/waluyo/wapbolt-backend/internal/api/request.go:273.63,275.3 1 0
github.com/waluyo/wapbolt-backend/internal/api/request.go:276.2,276.69 1 0
github.com/waluyo/wapbolt-backend/internal/api/request.go:276.69,278.3 1 0
github.com/waluyo/wapbolt-backend/internal/api/request.go:279.2,279.60 1 0
github.com/waluyo/wapbolt-backend/internal/api/request.go:279.60,281.3 1 0
github.com/waluyo/wapbolt-backend/internal/api/request.go:284.2,284.46 1 0
github.com/waluyo/wapbolt-backend/internal/api/request.go:284.46,286.3 1 0
github.com/waluyo/wapbolt-backend/internal/api/request.go:287.2,287.40 1 0
github.com/waluyo/wapbolt-backend/internal/api/request.go:287.40,288.45 1 0
github.com/waluyo/wapbolt-backend/internal/api/request.go:288.45,291.4 1 0
github.com/waluyo/wapbolt-backend/internal/api/request.go:291.9,293.4 1 0
github.com/waluyo/wapbolt-backend/internal/api/request.go:295.2,295.58 1 0
github.com/waluyo/wapbolt-backend/internal/api/request.go:295.58,297.3 1 0
github.com/waluyo/wapbolt-backend/internal/api/request.go:298.2,298.53 1 0
github.com/waluyo/wapbolt-backend/internal/api/request.go:298.53,300.3 1 0
github.com/waluyo/wapbolt-backend/internal/api/request.go:301.2,301.62 1 0
github.com/waluyo/wapbolt-backend/internal/api/request.go:301.62,303.3 1 0
github.com/waluyo/wapbolt-backend/internal/api/request.go:304.2,304.64 1 0
github.com/waluyo/wapbolt-backend/internal/api/request.go:304.64,306.3 1 0
github.com/waluyo/wapbolt-backend/internal/api/request.go:308.2,308.59 1 0
github.com/waluyo/wapbolt-backend/internal/api/request.go:308.59,310.3 1 0
github.com/waluyo/wapbolt-backend/internal/api/request.go:313.2,317.24 4 0
github.com/waluyo/wapbolt-backend/internal/api/request.go:320.40,323.81 3 1
github.com/waluyo/wapbolt-backend/internal/api/request.go:323.81,325.3 1 0
github.com/waluyo/wapbolt-backend/internal/api/request.go:326.2,328.44 3 1
github.com/waluyo/wapbolt-backend/internal/api/request.go:328.44,330.3 1 0
github.com/waluyo/wapbolt-backend/internal/api/request.go:331.2,331.61 1 1
github.com/waluyo/wapbolt-backend/internal/api/request.go:331.61,333.3 1 0
github.com/waluyo/wapbolt-backend/internal/api/request.go:336.2,340.69 4 1
github.com/waluyo/wapbolt-backend/internal/api/request.go:343.43,346.82 3 0
github.com/waluyo/wapbolt-backend/internal/api/request.go:346.82,348.3 1 0
github.com/waluyo/wapbolt-backend/internal/api/request.go:350.2,352.44 3 0
github.com/waluyo/wapbolt-backend/internal/api/request.go:352.44,354.3 1 0
github.com/waluyo/wapbolt-backend/internal/api/request.go:356.2,376.64 3 0
github.com/waluyo/wapbolt-backend/internal/api/request.go:376.64,378.3 1 0
github.com/waluyo/wapbolt-backend/internal/api/request.go:381.2,384.55 3 0
github.com/waluyo/wapbolt-backend/internal/api/request.go:388.61,389.36 1 1
github.com/waluyo/wapbolt-backend/internal/api/request.go:389.36,391.3 1 1
github.com/waluyo/wapbolt-backend/internal/api/request.go:392.2,392.11 1 1
github.com/waluyo/wapbolt-backend/internal/api/request.go:395.55,396.37 1 0
github.com/waluyo/wapbolt-backend/internal/api/request.go:396.37,398.3 1 0
github.com/waluyo/wapbolt-backend/internal/api/request.go:399.2,399.10 1 0
github.com/waluyo/wapbolt-backend/internal/api/request.go:402.63,403.37 1 1
github.com/waluyo/wapbolt-backend/internal/api/request.go:403.37,405.3 1 0
github.com/waluyo/wapbolt-backend/internal/api/request.go:406.2,406.10 1 1
github.com/waluyo/wapbolt-backend/internal/api/team.go:14.38,27.2 11 0
github.com/waluyo/wapbolt-backend/internal/api/team.go:29.37,31.42 2 1
github.com/waluyo/wapbolt-backend/internal/api/team.go:31.42,33.3 1 0
github.com/waluyo/wapbolt-backend/internal/api/team.go:35.2,44.58 4 1
github.com/waluyo/wapbolt-backend/internal/api/team.go:44.58,46.3 1 0
github.com/waluyo/wapbolt-backend/internal/api/team.go:49.2,55.64 2 1
github.com/waluyo/wapbolt-backend/internal/api/team.go:55.64,57.3 1 0
github.com/waluyo/wapbolt-backend/internal/api/team.go:59.2,59.49 1 1
github.com/waluyo/wapbolt-backend/internal/api/team.go:62.36,68.18 4 1
github.com/waluyo/wapbolt-backend/internal/api/team.go:68.18,69.58 1 0
github.com/waluyo/wapbolt-backend/internal/api/team.go:69.58,71.4 1 0
github.com/waluyo/wapbolt-backend/internal/api/team.go:72.8,75.35 1 1
github.com/waluyo/wapbolt-backend/internal/api/team.go:75.35,77.4 1 0
github.com/waluyo/wapbolt-backend/internal/api/team.go:80.2,80.22 1 1
github.com/waluyo/wapbolt-backend/internal/api/team_member.go:17.40,21.65 3 1
github.com/waluyo/wapbolt-backend/internal/api/team_member.go:21.65,23.3 1 0
github.com/waluyo/wapbolt-backend/internal/api/team_member.go:25.2,25.32 1 1
github.com/waluyo/wapbolt-backend/internal/api/team_member.go:25.32,27.3 1 0
github.com/waluyo/wapbolt-backend/internal/api/team_member.go:29.2,35.4 3 1
github.com/waluyo/wapbolt-backend/internal/api/team_member.go:38.42,42.65 3 1
github.com/waluyo/wapbolt-backend/internal/api/team_member.go:42.65,44.3 1 0
github.com/waluyo/wapbolt-backend/internal/api/team_member.go:46.2,46.32 1 1
github.com/waluyo/wapbolt-backend/internal/api/team_member.go:46.32,48.3 1 0
github.com/waluyo/wapbolt-backend/internal/api/team_member.go:50.2,51.105 2 1
github.com/waluyo/wapbolt-backend/internal/api/team_member.go:51.105,53.3 1 0
github.com/waluyo/wapbolt-backend/internal/api/team_member.go:55.2,55.24 1 1
github.com/waluyo/wapbolt-backend/internal/api/team_member.go:58.37,62.65 3 0
github.com/waluyo/wapbolt-backend/internal/api/team_member.go:62.65,64.3 1 0
github.com/waluyo/wapbolt-backend/internal/api/team_member.go:66.2,66.33 1 0
github.com/waluyo/wapbolt-backend/internal/api/team_member.go:66.33,68.3 1 0
github.com/waluyo/wapbolt-backend/internal/api/team_member.go:70.2,71.43 2 0
github.com/waluyo/wapbolt-backend/internal/api/team_member.go:71.43,73.3 1 0
github.com/waluyo/wapbolt-backend/internal/api/team_member.go:75.2,75.20 1 0
github.com/waluyo/wapbolt-backend/internal/api/team_member.go:75.20,77.3 1 0
github.com/waluyo/wapbolt-backend/internal/api/team_member.go:78.2,78.27 1 0
github.com/waluyo/wapbolt-backend/internal/api/team_member.go:78.27,80.3 1 0
github.com/waluyo/wapbolt-backend/internal/api/team_member.go:82.2,82.56 1 0
github.com/waluyo/wapbolt-backend/internal/api/team_member.go:82.56,84.3 1 0
github.com/waluyo/wapbolt-backend/internal/api/team_member.go:86.2,86.21 1 0
github.com/waluyo/wapbolt-backend/internal/api/team_member.go:89.37,95.65 5 1
github.com/waluyo/wapbolt-backend/internal/api/team_member.go:95.65,97.3 1 0
github.com/waluyo/wapbolt-backend/internal/api/team_member.go:100.2,100.19 1 1
github.com/waluyo/wapbolt-backend/internal/api/team_member.go:100.19,102.133 2 1
github.com/waluyo/wapbolt-backend/internal/api/team_member.go:102.133,104.4 1 0
github.com/waluyo/wapbolt-backend/internal/api/team_member.go:107.2,107.58 1 1
github.com/waluyo/wapbolt-backend/internal/api/team_member.go:107.58,109.3 1 0
github.com/waluyo/wapbolt-backend/internal/api/team_member.go:111.2,111.66 1 1
github.com/waluyo/wapbolt-backend/internal/api/team_member.go:114.40,118.65 3 0
github.com/waluyo/wapbolt-backend/internal/api/team_member.go:118.65,120.3 1 0
github.com/waluyo/wapbolt-backend/internal/api/team_member.go:122.2,122.33 1 0
github.com/waluyo/wapbolt-backend/internal/api/team_member.go:122.33,124.3 1 0
github.com/waluyo/wapbolt-backend/internal/api/team_member.go:126.2,127.43 2 0
github.com/waluyo/wapbolt-backend/internal/api/team_member.go:127.43,129.3 1 0
github.com/waluyo/wapbolt-backend/internal/api/team_member.go:132.2,132.25 1 0
github.com/waluyo/wapbolt-backend/internal/api/team_member.go:132.25,134.3 1 0
github.com/waluyo/wapbolt-backend/internal/api/team_member.go:137.2,138.69 2 0
github.com/waluyo/wapbolt-backend/internal/api/team_member.go:138.69,140.3 1 0
github.com/waluyo/wapbolt-backend/internal/api/team_member.go:142.2,148.60 2 0
github.com/waluyo/wapbolt-backend/internal/api/team_member.go:148.60,150.3 1 0
github.com/waluyo/wapbolt-backend/internal/api/team_member.go:152.2,152.51 1 0
github.com/waluyo/wapbolt-backend/internal/api/team_member.go:155.43,159.43 3 0
github.com/waluyo/wapbolt-backend/internal/api/team_member.go:159.43,161.3 1 0
github.com/waluyo/wapbolt-backend/internal/api/team_member.go:163.2,164.43 2 0
github.com/waluyo/wapbolt-backend/internal/api/team_member.go:164.43,166.3 1 0
github.com/waluyo/wapbolt-backend/internal/api/team_member.go:169.2,169.25 1 0
github.com/waluyo/wapbolt-backend/internal/api/team_member.go:169.25,171.3 1 0
github.com/waluyo/wapbolt-backend/internal/api/team_member.go:173.2,177.30 2 0
github.com/waluyo/wapbolt-backend/internal/api/team_member.go:177.30,179.3 1 0
github.com/waluyo/wapbolt-backend/internal/api/team_member.go:181.2,181.60 1 0
github.com/waluyo/wapbolt-backend/internal/api/team_member.go:184.47,188.32 3 1
github.com/waluyo/wapbolt-backend/internal/api/team_member.go:188.32,190.3 1 0
github.com/waluyo/wapbolt-backend/internal/api/team_member.go:192.2,195.43 2 1
github.com/waluyo/wapbolt-backend/internal/api/team_member.go:195.43,197.3 1 0
github.com/waluyo/wapbolt-backend/internal/api/team_member.go:200.2,200.154 1 1
github.com/waluyo/wapbolt-backend/internal/api/team_member.go:200.154,202.3 1 0
github.com/waluyo/wapbolt-backend/internal/api/team_member.go:204.2,204.66 1 1
github.com/waluyo/wapbolt-backend/internal/api/team_member.go:207.43,211.43 3 1
github.com/waluyo/wapbolt-backend/internal/api/team_member.go:211.43,213.3 1 0
github.com/waluyo/wapbolt-backend/internal/api/team_member.go:215.2,218.30 2 1
github.com/waluyo/wapbolt-backend/internal/api/team_member.go:218.30,220.3 1 0
github.com/waluyo/wapbolt-backend/internal/api/team_member.go:222.2,222.65 1 1
github.com/waluyo/wapbolt-backend/internal/api/team_member.go:227.52,229.18 2 1
github.com/waluyo/wapbolt-backend/internal/api/team_member.go:229.18,231.3 1 0
github.com/waluyo/wapbolt-backend/internal/api/team_member.go:232.2,235.19 4 1
github.com/waluyo/wapbolt-backend/internal/api/team_member.go:238.53,240.18 2 1
github.com/waluyo/wapbolt-backend/internal/api/team_member.go:240.18,242.3 1 1
github.com/waluyo/wapbolt-backend/internal/api/team_member.go:243.2,246.19 4 1
github.com/waluyo/wapbolt-backend/internal/api/team_member.go:249.54,251.18 2 1
github.com/waluyo/wapbolt-backend/internal/api/team_member.go:251.18,253.3 1 0
github.com/waluyo/wapbolt-backend/internal/api/team_member.go:254.2,257.19 4 1
github.com/waluyo/wapbolt-backend/internal/api/util.go:15.27,17.57 2 1
github.com/waluyo/wapbolt-backend/internal/api/util.go:17.57,20.3 2 0
github.com/waluyo/wapbolt-backend/internal/api/util.go:22.2,22.26 1 1
github.com/waluyo/wapbolt-backend/internal/api/util.go:22.26,23.28 1 1
github.com/waluyo/wapbolt-backend/internal/api/util.go:23.28,26.4 2 1
github.com/waluyo/wapbolt-backend/internal/api/util.go:28.2,28.64 1 1
github.com/waluyo/wapbolt-backend/internal/api/util.go:32.82,34.18 2 1
github.com/waluyo/wapbolt-backend/internal/api/util.go:34.18,36.3 1 1
github.com/waluyo/wapbolt-backend/internal/api/util.go:37.2,40.39 4 1
github.com/waluyo/wapbolt-backend/internal/api/util.go:43.31,45.22 2 1
github.com/waluyo/wapbolt-backend/internal/api/util.go:45.22,46.27 1 1
github.com/waluyo/wapbolt-backend/internal/api/util.go:46.27,48.4 1 1
github.com/waluyo/wapbolt-backend/internal/api/util.go:50.2,50.10 1 1
github.com/waluyo/wapbolt-backend/internal/api/websocket.go:71.48,73.45 1 0
github.com/waluyo/wapbolt-backend/internal/api/websocket.go:73.45,74.38 1 0
github.com/waluyo/wapbolt-backend/internal/api/websocket.go:74.38,77.4 2 0
github.com/waluyo/wapbolt-backend/internal/api/websocket.go:78.3,78.34 1 0
github.com/waluyo/wapbolt-backend/internal/api/websocket.go:82.2,82.58 1 0
github.com/waluyo/wapbolt-backend/internal/api/websocket.go:82.58,91.33 6 0
github.com/waluyo/wapbolt-backend/internal/api/websocket.go:91.33,94.4 2 0
github.com/waluyo/wapbolt-backend/internal/api/websocket.go:96.3,107.7 4 0
github.com/waluyo/wapbolt-backend/internal/api/websocket.go:107.7,109.18 2 0
github.com/waluyo/wapbolt-backend/internal/api/websocket.go:109.18,110.93 1 0
github.com/waluyo/wapbolt-backend/internal/api/websocket.go:110.93,112.6 1 0
github.com/waluyo/wapbolt-backend/internal/api/websocket.go:113.5,113.10 1 0
github.com/waluyo/wapbolt-backend/internal/api/websocket.go:116.4,117.54 2 0
github.com/waluyo/wapbolt-backend/internal/api/websocket.go:117.54,118.13 1 0
github.com/waluyo/wapbolt-backend/internal/api/websocket.go:121.4,121.36 1 0
github.com/waluyo/wapbolt-backend/internal/api/websocket.go:126.2,126.12 1 0
github.com/waluyo/wapbolt-backend/internal/api/websocket.go:126.12,127.7 1 0
github.com/waluyo/wapbolt-backend/internal/api/websocket.go:127.7,130.4 2 0
github.com/waluyo/wapbolt-backend/internal/api/websocket.go:134.40,138.37 3 1
github.com/waluyo/wapbolt-backend/internal/api/websocket.go:138.37,140.3 1 1
github.com/waluyo/wapbolt-backend/internal/api/websocket.go:141.2,141.41 1 1
github.com/waluyo/wapbolt-backend/internal/api/websocket.go:144.42,146.37 2 0
github.com/waluyo/wapbolt-backend/internal/api/websocket.go:146.37,148.3 1 0
github.com/waluyo/wapbolt-backend/internal/api/websocket.go:151.2,151.35 1 0
github.com/waluyo/wapbolt-backend/internal/api/websocket.go:151.35,152.35 1 0
github.com/waluyo/wapbolt-backend/internal/api/websocket.go:152.35,156.4 2 0
github.com/waluyo/wapbolt-backend/internal/api/websocket.go:159.2,162.19 3 0
github.com/waluyo/wapbolt-backend/internal/api/websocket.go:162.19,164.3 1 0
github.com/waluyo/wapbolt-backend/internal/api/websocket.go:167.58,168.20 1 0
github.com/waluyo/wapbolt-backend/internal/api/websocket.go:169.24,175.51 5 0
github.com/waluyo/wapbolt-backend/internal/api/websocket.go:175.51,177.4 1 0
github.com/waluyo/wapbolt-backend/internal/api/websocket.go:178.3,181.44 2 0
github.com/waluyo/wapbolt-backend/internal/api/websocket.go:183.25,189.20 5 0
github.com/waluyo/wapbolt-backend/internal/api/websocket.go:189.20,191.4 1 0
github.com/waluyo/wapbolt-backend/internal/api/websocket.go:193.24,200.74 5 0
github.com/waluyo/wapbolt-backend/internal/api/websocket.go:200.74,207.4 2 0
github.com/waluyo/wapbolt-backend/internal/api/websocket.go:208.3,210.14 2 0
github.com/waluyo/wapbolt-backend/internal/api/websocket.go:210.14,212.4 1 0
github.com/waluyo/wapbolt-backend/internal/api/websocket.go:214.26,218.45 4 0
github.com/waluyo/wapbolt-backend/internal/api/websocket.go:218.45,221.4 2 0
github.com/waluyo/wapbolt-backend/internal/api/websocket.go:222.3,224.14 2 0
github.com/waluyo/wapbolt-backend/internal/api/websocket.go:224.14,226.4 1 0
github.com/waluyo/wapbolt-backend/internal/api/websocket.go:230.62,234.30 3 0
github.com/waluyo/wapbolt-backend/internal/api/websocket.go:234.30,236.3 1 0
github.com/waluyo/wapbolt-backend/internal/api/websocket.go:239.2,242.35 3 0
github.com/waluyo/wapbolt-backend/internal/api/websocket.go:242.35,243.56 1 0
github.com/waluyo/wapbolt-backend/internal/api/websocket.go:243.56,249.4 2 0
github.com/waluyo/wapbolt-backend/internal/api/websocket.go:252.2,261.35 3 0
github.com/waluyo/wapbolt-backend/internal/api/websocket.go:261.35,263.3 1 0
github.com/waluyo/wapbolt-backend/internal/api/websocket.go:266.64,270.30 3 0
github.com/waluyo/wapbolt-backend/internal/api/websocket.go:270.30,272.3 1 0
github.com/waluyo/wapbolt-backend/internal/api/websocket.go:274.2,276.48 3 0
github.com/waluyo/wapbolt-backend/internal/api/websocket.go:276.48,281.3 1 0
github.com/waluyo/wapbolt-backend/internal/api/websocket.go:283.2,290.35 3 0
github.com/waluyo/wapbolt-backend/internal/api/websocket.go:290.35,292.3 1 0
github.com/waluyo/wapbolt-backend/internal/api/websocket.go:295.62,301.48 5 0
github.com/waluyo/wapbolt-backend/internal/api/websocket.go:301.48,306.3 1 0
github.com/waluyo/wapbolt-backend/internal/api/websocket.go:308.2,314.54 3 0
github.com/waluyo/wapbolt-backend/internal/api/websocket.go:317.37,322.35 4 1
github.com/waluyo/wapbolt-backend/internal/api/websocket.go:322.35,323.31 1 1
github.com/waluyo/wapbolt-backend/internal/api/websocket.go:323.31,326.4 2 1
github.com/waluyo/wapbolt-backend/internal/api/websocket.go:328.2,331.38 2 1
github.com/waluyo/wapbolt-backend/internal/api/websocket.go:331.38,337.33 3 1
github.com/waluyo/wapbolt-backend/internal/api/websocket.go:337.33,339.4 1 0
github.com/waluyo/wapbolt-backend/internal/api/websocket.go:340.3,342.32 2 1
github.com/waluyo/wapbolt-backend/internal/api/websocket.go:342.32,344.4 1 0
github.com/waluyo/wapbolt-backend/internal/api/websocket.go:349.84,353.30 3 1
github.com/waluyo/wapbolt-backend/internal/api/websocket.go:353.30,355.3 1 1
github.com/waluyo/wapbolt-backend/internal/api/websocket.go:357.2,366.35 3 0
github.com/waluyo/wapbolt-backend/internal/api/websocket.go:366.35,368.3 1 0
github.com/waluyo/wapbolt-backend/internal/api/websocket.go:372.138,375.20 2 1
github.com/waluyo/wapbolt-backend/internal/api/websocket.go:375.20,378.3 2 1
github.com/waluyo/wapbolt-backend/internal/api/websocket.go:378.8,380.3 1 1
github.com/waluyo/wapbolt-backend/internal/api/websocket.go:382.2,390.17 2 1
